Locking paddles.
Dropping ball.
Unlocking paddles. Whirrrrrr
Ding ding ding ding ding
DingDing
Awwwwwww
Score: 2
A new high score!
Locking paddles.
Dropping ball.
Unlocking paddles. Whirrrrrr
Ding ding ding ding ding
DingDingDingDingDingDingDingDingDingDingDingDingDingDingDingDingDingDingDingDingDingDingDingDingDingDingDingDingDingDingDingDingDingDingDingDingDingDingDingDingDingDingDingDingDingDingDingDingDingDingDingDingDingDingDingDingDingDingDingDingDingDingDingDingDingDingDingDingDingDingDingDingDingDingDingDingDingDingDingDingDingDingDingDingDingDingDingDingDingDingDingDingDingDingDingDingDingDingDingDing
Awwwwwww
Score: 100
A new high score!
Locking paddles.
Dropping ball.
Unlocking paddles. Whirrrrrr
Ding ding ding ding ding
Ding
Awwwwwww
Score: 1
High score: 100
Locking paddles.
