Locking paddles.
Dropping ball.
Unlocking paddles. Whirrrrrr
Ding ding ding ding ding
Coin at a bad time. Dropping it.
DingDingDingDing
Awwwwwww
Score: 4
A new high score!
Locking paddles.
Dropping ball.
Unlocking paddles. Whirrrrrr
Ding ding ding ding ding
DingDingLocking paddles.
TILT!
Coin at a bad time. Dropping it.
